
> faiths-blog-v2@0.1.0 build
> next build

Γû▓ Next.js 16.1.6 (Turbopack)

  Creating an optimized production build ...
node.exe : 
At line:1 char:1
+ & "C:\Program 
Files\nodejs/node.exe" 
"C:\Program 
Files\nodejs/node_mo ...
+ ~~~~~~~~~~~~~~~~~~~~~~~~
~~~~~~~~~~~~~~~~~~~~~~~~~~
~~~~~~~~~~~~~~~~~~~
    + CategoryInfo        
      : NotSpecified: (:  
  String) [], RemoteExc   
 eption
    + FullyQualifiedError 
   Id : NativeCommandErr  
  or
 
> Build error occurred
Error: Turbopack build 
failed with 3 errors:
./app/blog/[slug]/page.tsx
:7:20
Ecmascript file had an 
error
[0m [90m  5 |[39m 
[36mimport[39m 
nextDynamic 
[36mfrom[39m [32m'next/
dynamic'[39m[33m;[39m
 [90m  6 |[39m
[31m[1m>[22m[39m[90m 
 7 |[39m [36mconst[39m 
[33mLikeButton[39m 
[33m=[39m 
nextDynamic(() 
[33m=>[39m [36mimport[
39m([32m"@/components/lik
e-button"[39m)[33m.[39m
then(mod [33m=>[39m mod
[33m.[39m[33mLikeButton
[39m)[33m,[39m { 
ssr[33m:[39m 
[36mfalse[39m 
})[33m;[39m
 [90m    |[39m          
          [31m[1m^[22m
[39m[31m[1m^[22m[39m[
31m[1m^[22m[39m[31m[1
m^[22m[39m[31m[1m^[22
m[39m[31m[1m^[22m[39m
[31m[1m^[22m[39m[31m
[1m^[22m[39m[31m[1m^[
22m[39m[31m[1m^[22m[3
9m[31m[1m^[22m[39m[31
m[1m^[22m[39m[31m[1m^
[22m[39m[31m[1m^[22m
[39m[31m[1m^[22m[39m[
31m[1m^[22m[39m[31m[1
m^[22m[39m[31m[1m^[22
m[39m[31m[1m^[22m[39m
[31m[1m^[22m[39m[31m
[1m^[22m[39m[31m[1m^[
22m[39m[31m[1m^[22m[3
9m[31m[1m^[22m[39m[31
m[1m^[22m[39m[31m[1m^
[22m[39m[31m[1m^[22m
[39m[31m[1m^[22m[39m[
31m[1m^[22m[39m[31m[1
m^[22m[39m[31m[1m^[22
m[39m[31m[1m^[22m[39m
[31m[1m^[22m[39m[31m
[1m^[22m[39m[31m[1m^[
22m[39m[31m[1m^[22m[3
9m[31m[1m^[22m[39m[31
m[1m^[22m[39m[31m[1m^
[22m[39m[31m[1m^[22m
[39m[31m[1m^[22m[39m[
31m[1m^[22m[39m[31m[1
m^[22m[39m[31m[1m^[22
m[39m[31m[1m^[22m[39m
[31m[1m^[22m[39m[31m
[1m^[22m[39m[31m[1m^[
22m[39m[31m[1m^[22m[3
9m[31m[1m^[22m[39m[31
m[1m^[22m[39m[31m[1m^
[22m[39m[31m[1m^[22m
[39m[31m[1m^[22m[39m[
31m[1m^[22m[39m[31m[1
m^[22m[39m[31m[1m^[22
m[39m[31m[1m^[22m[39m
[31m[1m^[22m[39m[31m
[1m^[22m[39m[31m[1m^[
22m[39m[31m[1m^[22m[3
9m[31m[1m^[22m[39m[31
m[1m^[22m[39m[31m[1m^
[22m[39m[31m[1m^[22m
[39m[31m[1m^[22m[39m[
31m[1m^[22m[39m[31m[1
m^[22m[39m[31m[1m^[22
m[39m[31m[1m^[22m[39m
[31m[1m^[22m[39m[31m
[1m^[22m[39m[31m[1m^[
22m[39m[31m[1m^[22m[3
9m[31m[1m^[22m[39m[31
m[1m^[22m[39m[31m[1m^
[22m[39m[31m[1m^[22m
[39m[31m[1m^[22m[39m[
31m[1m^[22m[39m[31m[1
m^[22m[39m[31m[1m^[22
m[39m[31m[1m^[22m[39m
[31m[1m^[22m[39m[31m
[1m^[22m[39m[31m[1m^[
22m[39m[31m[1m^[22m[3
9m[31m[1m^[22m[39m[31
m[1m^[22m[39m[31m[1m^
[22m[39m[31m[1m^[22m
[39m[31m[1m^[22m[39m[
31m[1m^[22m[39m[31m[1
m^[22m[39m[31m[1m^[22
m[39m[31m[1m^[22m[39m
 [90m  8 |[39m 
[36mconst[39m 
[33mShareButton[39m 
[33m=[39m 
nextDynamic(() 
[33m=>[39m [36mimport[
39m([32m"@/components/sha
re-button"[39m)[33m.[39
mthen(mod [33m=>[39m mod
[33m.[39m[33mShareButto
n[39m)[33m,[39m { 
ssr[33m:[39m 
[36mfalse[39m 
})[33m;[39m
 [90m  9 |[39m 
[36mconst[39m 
[33mCommentSection[39m 
[33m=[39m 
nextDynamic(() 
[33m=>[39m [36mimport[
39m([32m"@/components/com
ment-section"[39m)[33m.
[39mthen(mod [33m=>[39m 
mod[33m.[39m[33mComment
Section[39m)[33m,[39m 
{ ssr[33m:[39m 
[36mfalse[39m 
})[33m;[39m
 [90m 10 |[39m[0m

`ssr: false` is not 
allowed with 
`next/dynamic` in Server 
Components. Please move 
it into a Client 
Component.


./app/blog/[slug]/page.tsx
:8:21
Ecmascript file had an 
error
[0m [90m  6 |[39m
 [90m  7 |[39m 
[36mconst[39m 
[33mLikeButton[39m 
[33m=[39m 
nextDynamic(() 
[33m=>[39m [36mimport[
39m([32m"@/components/lik
e-button"[39m)[33m.[39m
then(mod [33m=>[39m mod
[33m.[39m[33mLikeButton
[39m)[33m,[39m { 
ssr[33m:[39m 
[36mfalse[39m 
})[33m;[39m
[31m[1m>[22m[39m[90m 
 8 |[39m [36mconst[39m 
[33mShareButton[39m 
[33m=[39m 
nextDynamic(() 
[33m=>[39m [36mimport[
39m([32m"@/components/sha
re-button"[39m)[33m.[39
mthen(mod [33m=>[39m mod
[33m.[39m[33mShareButto
n[39m)[33m,[39m { 
ssr[33m:[39m 
[36mfalse[39m 
})[33m;[39m
 [90m    |[39m          
           [31m[1m^[22m
[39m[31m[1m^[22m[39m
[31m[1m^[22m[39m[31m[
1m^[22m[39m[31m[1m^[2
2m[39m[31m[1m^[22m[39
m[31m[1m^[22m[39m[31m
[1m^[22m[39m[31m[1m^
[22m[39m[31m[1m^[22m[
39m[31m[1m^[22m[39m[3
1m[1m^[22m[39m[31m[1m
^[22m[39m[31m[1m^[22m
[39m[31m[1m^[22m[39m
[31m[1m^[22m[39m[31m[
1m^[22m[39m[31m[1m^[2
2m[39m[31m[1m^[22m[39
m[31m[1m^[22m[39m[31m
[1m^[22m[39m[31m[1m^
[22m[39m[31m[1m^[22m[
39m[31m[1m^[22m[39m[3
1m[1m^[22m[39m[31m[1m
^[22m[39m[31m[1m^[22m
[39m[31m[1m^[22m[39m
[31m[1m^[22m[39m[31m[
1m^[22m[39m[31m[1m^[2
2m[39m[31m[1m^[22m[39
m[31m[1m^[22m[39m[31m
[1m^[22m[39m[31m[1m^
[22m[39m[31m[1m^[22m[
39m[31m[1m^[22m[39m[3
1m[1m^[22m[39m[31m[1m
^[22m[39m[31m[1m^[22m
[39m[31m[1m^[22m[39m
[31m[1m^[22m[39m[31m[
1m^[22m[39m[31m[1m^[2
2m[39m[31m[1m^[22m[39
m[31m[1m^[22m[39m[31m
[1m^[22m[39m[31m[1m^
[22m[39m[31m[1m^[22m[
39m[31m[1m^[22m[39m[3
1m[1m^[22m[39m[31m[1m
^[22m[39m[31m[1m^[22m
[39m[31m[1m^[22m[39m
[31m[1m^[22m[39m[31m[
1m^[22m[39m[31m[1m^[2
2m[39m[31m[1m^[22m[39
m[31m[1m^[22m[39m[31m
[1m^[22m[39m[31m[1m^
[22m[39m[31m[1m^[22m[
39m[31m[1m^[22m[39m[3
1m[1m^[22m[39m[31m[1m
^[22m[39m[31m[1m^[22m
[39m[31m[1m^[22m[39m
[31m[1m^[22m[39m[31m[
1m^[22m[39m[31m[1m^[2
2m[39m[31m[1m^[22m[39
m[31m[1m^[22m[39m[31m
[1m^[22m[39m[31m[1m^
[22m[39m[31m[1m^[22m[
39m[31m[1m^[22m[39m[3
1m[1m^[22m[39m[31m[1m
^[22m[39m[31m[1m^[22m
[39m[31m[1m^[22m[39m
[31m[1m^[22m[39m[31m[
1m^[22m[39m[31m[1m^[2
2m[39m[31m[1m^[22m[39
m[31m[1m^[22m[39m[31m
[1m^[22m[39m[31m[1m^
[22m[39m[31m[1m^[22m[
39m[31m[1m^[22m[39m[3
1m[1m^[22m[39m[31m[1m
^[22m[39m[31m[1m^[22m
[39m[31m[1m^[22m[39m
[31m[1m^[22m[39m[31m[
1m^[22m[39m[31m[1m^[2
2m[39m[31m[1m^[22m[39
m[31m[1m^[22m[39m[31m
[1m^[22m[39m
 [90m  9 |[39m 
[36mconst[39m 
[33mCommentSection[39m 
[33m=[39m 
nextDynamic(() 
[33m=>[39m [36mimport[
39m([32m"@/components/com
ment-section"[39m)[33m.
[39mthen(mod [33m=>[39m 
mod[33m.[39m[33mComment
Section[39m)[33m,[39m 
{ ssr[33m:[39m 
[36mfalse[39m 
})[33m;[39m
 [90m 10 |[39m
 [90m 11 |[39m 
[36minterface[39m 
[33mPageProps[39m {[0m

`ssr: false` is not 
allowed with 
`next/dynamic` in Server 
Components. Please move 
it into a Client 
Component.


./app/blog/[slug]/page.tsx
:9:24
Ecmascript file had an 
error
[0m [90m  7 |[39m 
[36mconst[39m 
[33mLikeButton[39m 
[33m=[39m 
nextDynamic(() 
[33m=>[39m [36mimport[
39m([32m"@/components/lik
e-button"[39m)[33m.[39m
then(mod [33m=>[39m mod
[33m.[39m[33mLikeButton
[39m)[33m,[39m { 
ssr[33m:[39m 
[36mfalse[39m 
})[33m;[39m
 [90m  8 |[39m 
[36mconst[39m 
[33mShareButton[39m 
[33m=[39m 
nextDynamic(() 
[33m=>[39m [36mimport[
39m([32m"@/components/sha
re-button"[39m)[33m.[39
mthen(mod [33m=>[39m mod
[33m.[39m[33mShareButto
n[39m)[33m,[39m { 
ssr[33m:[39m 
[36mfalse[39m 
})[33m;[39m
[31m[1m>[22m[39m[90m 
 9 |[39m [36mconst[39m 
[33mCommentSection[39m 
[33m=[39m 
nextDynamic(() 
[33m=>[39m [36mimport[
39m([32m"@/components/com
ment-section"[39m)[33m.
[39mthen(mod [33m=>[39m 
mod[33m.[39m[33mComment
Section[39m)[33m,[39m 
{ ssr[33m:[39m 
[36mfalse[39m 
})[33m;[39m
 [90m    |[39m          
              [31m[1m^[
22m[39m[31m[1m^[22m[3
9m[31m[1m^[22m[39m[31
m[1m^[22m[39m[31m[1m^
[22m[39m[31m[1m^[22m
[39m[31m[1m^[22m[39m[
31m[1m^[22m[39m[31m[1
m^[22m[39m[31m[1m^[22
m[39m[31m[1m^[22m[39m
[31m[1m^[22m[39m[31m
[1m^[22m[39m[31m[1m^[
22m[39m[31m[1m^[22m[3
9m[31m[1m^[22m[39m[31
m[1m^[22m[39m[31m[1m^
[22m[39m[31m[1m^[22m
[39m[31m[1m^[22m[39m[
31m[1m^[22m[39m[31m[1
m^[22m[39m[31m[1m^[22
m[39m[31m[1m^[22m[39m
[31m[1m^[22m[39m[31m
[1m^[22m[39m[31m[1m^[
22m[39m[31m[1m^[22m[3
9m[31m[1m^[22m[39m[31
m[1m^[22m[39m[31m[1m^
[22m[39m[31m[1m^[22m
[39m[31m[1m^[22m[39m[
31m[1m^[22m[39m[31m[1
m^[22m[39m[31m[1m^[22
m[39m[31m[1m^[22m[39m
[31m[1m^[22m[39m[31m
[1m^[22m[39m[31m[1m^[
22m[39m[31m[1m^[22m[3
9m[31m[1m^[22m[39m[31
m[1m^[22m[39m[31m[1m^
[22m[39m[31m[1m^[22m
[39m[31m[1m^[22m[39m[
31m[1m^[22m[39m[31m[1
m^[22m[39m[31m[1m^[22
m[39m[31m[1m^[22m[39m
[31m[1m^[22m[39m[31m
[1m^[22m[39m[31m[1m^[
22m[39m[31m[1m^[22m[3
9m[31m[1m^[22m[39m[31
m[1m^[22m[39m[31m[1m^
[22m[39m[31m[1m^[22m
[39m[31m[1m^[22m[39m[
31m[1m^[22m[39m[31m[1
m^[22m[39m[31m[1m^[22
m[39m[31m[1m^[22m[39m
[31m[1m^[22m[39m[31m
[1m^[22m[39m[31m[1m^[
22m[39m[31m[1m^[22m[3
9m[31m[1m^[22m[39m[31
m[1m^[22m[39m[31m[1m^
[22m[39m[31m[1m^[22m
[39m[31m[1m^[22m[39m[
31m[1m^[22m[39m[31m[1
m^[22m[39m[31m[1m^[22
m[39m[31m[1m^[22m[39m
[31m[1m^[22m[39m[31m
[1m^[22m[39m[31m[1m^[
22m[39m[31m[1m^[22m[3
9m[31m[1m^[22m[39m[31
m[1m^[22m[39m[31m[1m^
[22m[39m[31m[1m^[22m
[39m[31m[1m^[22m[39m[
31m[1m^[22m[39m[31m[1
m^[22m[39m[31m[1m^[22
m[39m[31m[1m^[22m[39m
[31m[1m^[22m[39m[31m
[1m^[22m[39m[31m[1m^[
22m[39m[31m[1m^[22m[3
9m[31m[1m^[22m[39m[31
m[1m^[22m[39m[31m[1m^
[22m[39m[31m[1m^[22m
[39m[31m[1m^[22m[39m[
31m[1m^[22m[39m[31m[1
m^[22m[39m[31m[1m^[22
m[39m[31m[1m^[22m[39m
[31m[1m^[22m[39m[31m
[1m^[22m[39m[31m[1m^[
22m[39m
 [90m 10 |[39m
 [90m 11 |[39m 
[36minterface[39m 
[33mPageProps[39m {
 [90m 12 |[39m     
params[33m:[39m [33mPro
mise[39m[33m<[39m{ 
slug[33m:[39m string }[
33m>[39m[33m;[39m[0m

`ssr: false` is not 
allowed with 
`next/dynamic` in Server 
Components. Please move 
it into a Client 
Component.


    at <unknown> (./app/bl
og/[slug]/page.tsx:7:20)
    at <unknown> (./app/bl
og/[slug]/page.tsx:8:21)
    at <unknown> (./app/bl
og/[slug]/page.tsx:9:24)
